com\xenenergy\projects\services\interfaces\ChargeTypeService.class
com\xenenergy\projects\entities\FixedChargeDetail.class
com\xenenergy\projects\entities\DeviceUploadDetail.class
com\xenenergy\projects\services\interfaces\DbEventMonitorService.class
com\xenenergy\projects\entities\DbEventMonitor.class
com\xenenergy\projects\entities\BillingStatementModel.class
com\xenenergy\projects\entities\PerKwChargeTemplate.class
com\xenenergy\projects\dao\LifeLineDao.class
com\xenenergy\projects\entities\LifeLine.class
com\xenenergy\projects\services\RdmService.class
com\xenenergy\projects\controllers\HomeController.class
com\xenenergy\projects\entities\AddOnCharge.class
com\xenenergy\projects\services\interfaces\MeterReaderService.class
com\xenenergy\projects\services\impl\ActivationCodeServiceImpl.class
com\xenenergy\projects\dao\PerKwChargeDetailDao.class
com\xenenergy\projects\dao\PerKwChargeMasterDao.class
com\xenenergy\projects\controllers\DeviceDetailUploadDetailController.class
com\xenenergy\projects\controllers\restapi\ErrorHandlerController.class
com\xenenergy\projects\services\interfaces\RdmDetailService.class
com\xenenergy\projects\controllers\AddOnKwhController.class
com\xenenergy\projects\services\impl\ChargeTypeServiceImpl.class
com\xenenergy\projects\services\impl\PropertyServiceImpl.class
com\xenenergy\projects\dao\BillsDao.class
com\xenenergy\projects\controllers\AddOnChargeController.class
com\xenenergy\projects\entities\PerKwChargeMaster.class
com\xenenergy\projects\services\interfaces\FixedChargeMasterService.class
com\xenenergy\projects\services\interfaces\PerKwChargeDetailsService.class
com\xenenergy\projects\entities\BillChargeGroup.class
com\xenenergy\projects\services\impl\MeterReaderServiceImpl.class
com\xenenergy\projects\services\interfaces\PropertyService.class
com\xenenergy\projects\entities\BillChargeDetail.class
com\xenenergy\projects\entities\Rdm.class
com\xenenergy\projects\dao\BillAddOnChargeDao.class
com\xenenergy\projects\services\impl\RoutesServiceImpl.class
com\xenenergy\projects\services\ReadersService.class
com\xenenergy\projects\entities\PaginationProperty.class
com\xenenergy\projects\services\interfaces\ActivationCodeService.class
com\xenenergy\projects\dao\ActivationCodeDao.class
com\xenenergy\projects\services\interfaces\LocalityService.class
com\xenenergy\projects\KuryentxtWebsiteApplication.class
com\xenenergy\projects\controllers\RouteDefinitionController.class
com\xenenergy\projects\services\interfaces\PerKwChargeMasterService.class
com\xenenergy\projects\services\interfaces\AddOnChargeService.class
com\xenenergy\projects\services\interfaces\CutoffMasterService.class
com\xenenergy\projects\services\impl\RateMasterServiceImpl.class
com\xenenergy\projects\controllers\BillingStatementController.class
com\xenenergy\projects\controllers\FixedChargeTemplateController.class
com\xenenergy\projects\services\impl\BillsServiceImpl.class
com\xenenergy\projects\services\interfaces\CRUDService.class
com\xenenergy\projects\dao\dependence\RouteDao.class
com\xenenergy\projects\controllers\LifeLineController.class
com\xenenergy\projects\dao\BillChargeDetailDao.class
com\xenenergy\projects\services\impl\BillAddOnChargeServiceImpl.class
com\xenenergy\projects\controllers\PerKwChargeMasterController.class
com\xenenergy\projects\controllers\RemarksController.class
com\xenenergy\projects\services\impl\FixedChargeTemplateServiceImpl.class
com\xenenergy\projects\dao\BillChargeGroupDao.class
com\xenenergy\projects\controllers\DbEventMonitorController.class
com\xenenergy\projects\entities\Pager.class
com\xenenergy\projects\services\interfaces\CorelossService.class
com\xenenergy\projects\entities\Route.class
com\xenenergy\projects\services\impl\BillChargeDetailServiceImpl.class
com\xenenergy\projects\dao\MeterReaderDao.class
com\xenenergy\projects\dao\AreaDao.class
com\xenenergy\projects\services\impl\SeniorCitizenServiceImpl.class
com\xenenergy\projects\entities\ActivationCode.class
com\xenenergy\projects\services\impl\CutoffMasterServiceImpl.class
com\xenenergy\projects\dao\SeniorCitizenDao.class
com\xenenergy\projects\controllers\ChargeTypeController.class
com\xenenergy\projects\entities\ChargeType.class
com\xenenergy\projects\entities\Bills.class
com\xenenergy\projects\services\impl\RemarksServiceImpl.class
com\xenenergy\projects\dao\RdmDetailDao.class
com\xenenergy\projects\services\interfaces\FixedChargeDetailService.class
com\xenenergy\projects\controllers\BillsController.class
com\xenenergy\projects\services\interfaces\LifelineService.class
com\xenenergy\projects\controllers\restapi\RouteRestController.class
com\xenenergy\projects\services\impl\PerKwChargeDetailServiceImpl.class
com\xenenergy\projects\dao\PropertyDao.class
com\xenenergy\projects\services\interfaces\BillsService.class
com\xenenergy\projects\controllers\RoutesController.class
com\xenenergy\projects\dao\FixedChargeDetailDao.class
com\xenenergy\projects\dao\FixedChargeMasterDao.class
com\xenenergy\projects\services\interfaces\BillAddOnChargeService.class
com\xenenergy\projects\services\interfaces\RouteDefinitionService.class
com\xenenergy\projects\entities\SeniorCitizen.class
com\xenenergy\projects\services\interfaces\BillChargeGroupService.class
com\xenenergy\projects\controllers\SettingsController.class
com\xenenergy\projects\entities\FixedChargeTemplate.class
com\xenenergy\projects\entities\DeviceUploadMaster.class
com\xenenergy\projects\entities\FixedChargeMaster.class
com\xenenergy\projects\controllers\restapi\BillsRestController.class
com\xenenergy\projects\controllers\restapi\DuAreaRestController.class
com\xenenergy\projects\services\interfaces\RoutesService.class
com\xenenergy\projects\dao\RoutesDao.class
com\xenenergy\projects\dao\AddOnKwhDao.class
com\xenenergy\projects\services\impl\PerKwChargeTemplateServiceImpl.class
com\xenenergy\projects\entities\Property.class
com\xenenergy\projects\controllers\CorelossController.class
com\xenenergy\projects\entities\ChargeGroupDetails.class
com\xenenergy\projects\services\impl\RouteDefinitionServiceImpl.class
com\xenenergy\projects\services\impl\AddOnChargeServiceImpl.class
com\xenenergy\projects\entities\Locality.class
com\xenenergy\projects\services\impl\FixedChargeDetailServiceImpl.class
com\xenenergy\projects\controllers\RateMasterController.class
com\xenenergy\projects\controllers\ActivationCodeController.class
com\xenenergy\projects\dao\LocalityDao.class
com\xenenergy\projects\services\interfaces\RateMasterService.class
com\xenenergy\projects\services\impl\DeviceUploadMasterServiceImpl.class
com\xenenergy\projects\services\impl\RdmDetailServiceImpl.class
com\xenenergy\projects\controllers\restapi\AccountsRestController.class
com\xenenergy\projects\dao\AccountDao.class
com\xenenergy\projects\entities\ErrorJson.class
com\xenenergy\projects\entities\PerKwChargeDetail$choices.class
com\xenenergy\projects\dao\CorelossDao.class
com\xenenergy\projects\services\impl\AccountServiceImpl.class
com\xenenergy\projects\entities\Coreloss.class
com\xenenergy\projects\dao\RateMasterDao.class
com\xenenergy\projects\entities\BillAddOnCharge.class
com\xenenergy\projects\entities\PropertyWrapper.class
com\xenenergy\projects\entities\RdmDetail.class
com\xenenergy\projects\services\interfaces\DeviceUploadDetailService.class
com\xenenergy\projects\services\impl\BillChargeGroupServiceImpl.class
com\xenenergy\projects\services\interfaces\RemarksService.class
com\xenenergy\projects\services\interfaces\DuAreaService.class
com\xenenergy\projects\dao\PerKwChargeTemplateDao.class
com\xenenergy\projects\entities\CutoffMaster.class
com\xenenergy\projects\entities\Remarks.class
com\xenenergy\projects\controllers\SeniorCitizenController.class
com\xenenergy\projects\services\impl\DuAreaServiceImpl.class
com\xenenergy\projects\dao\ChargeTypeDao.class
com\xenenergy\projects\services\impl\CorelossServiceImpl.class
com\xenenergy\projects\services\impl\LocalityServiceImpl.class
com\xenenergy\projects\controllers\FixedChargeMasterController.class
com\xenenergy\projects\services\interfaces\AddOnKwhService.class
com\xenenergy\projects\dao\DeviceUploadMasterDao.class
com\xenenergy\projects\controllers\FixedChargeDetailController.class
com\xenenergy\projects\entities\RateMaster.class
com\xenenergy\projects\entities\Account.class
com\xenenergy\projects\controllers\PerKwChargeDetailController.class
com\xenenergy\projects\dao\AddOnChargeDao.class
com\xenenergy\projects\controllers\DuAreaController.class
com\xenenergy\projects\entities\MeterReader.class
com\xenenergy\projects\services\impl\LifeLineServiceImpl.class
com\xenenergy\projects\entities\AddOnKwh.class
com\xenenergy\projects\controllers\restapi\CorelossRestController.class
com\xenenergy\projects\services\interfaces\FixedChargeTemplateService.class
com\xenenergy\projects\entities\BillReportModel.class
com\xenenergy\projects\controllers\PerKwChargeTemplateController.class
com\xenenergy\projects\services\interfaces\AccountService.class
com\xenenergy\projects\entities\DuArea.class
com\xenenergy\projects\dao\CutoffMasterDao.class
com\xenenergy\projects\services\interfaces\BillChargeDetailService.class
com\xenenergy\projects\dao\DeviceUploadDetailDao.class
com\xenenergy\projects\services\impl\PerKwChargeMasterServiceImpl.class
com\xenenergy\projects\controllers\RdmDetailController.class
com\xenenergy\projects\dao\RouteDefinitionDao.class
com\xenenergy\projects\dao\dependence\ReadersDao.class
com\xenenergy\projects\controllers\PropertyController.class
com\xenenergy\projects\services\impl\DbEventMonitorServiceImpl.class
com\xenenergy\projects\services\impl\FixedChargeMasterServiceImpl.class
com\xenenergy\projects\services\RouteService.class
com\xenenergy\projects\controllers\AccountController.class
com\xenenergy\projects\entities\PerKwChargeDetail.class
com\xenenergy\projects\services\interfaces\DeviceUploadMasterService.class
com\xenenergy\projects\dao\FixedChargeTemplateDao.class
com\xenenergy\projects\services\interfaces\PerKwChargeTemplateService.class
com\xenenergy\projects\services\impl\AddOnKwhServiceImpl.class
com\xenenergy\projects\dao\dependence\RdmDao.class
com\xenenergy\projects\dao\RemarksDao.class
com\xenenergy\projects\controllers\MeterReadersController.class
com\xenenergy\projects\controllers\AboutController.class
com\xenenergy\projects\services\impl\DeviceUploadDetailServiceImpl.class
com\xenenergy\projects\controllers\CutoffMasterController.class
com\xenenergy\projects\controllers\LocalityController.class
com\xenenergy\projects\dao\DbEventMonitorDao.class
com\xenenergy\projects\controllers\ViewAccountsController.class
com\xenenergy\projects\controllers\DeviceUploadMasterController.class
