C:\Users\xesi\IdeaProjects\xen-kuryentxt\src\main\java\com\xenenergy\projects\dao\SeniorCitizenDao.java
C:\Users\xesi\IdeaProjects\xen-kuryentxt\src\main\java\com\xenenergy\projects\controllers\LifeLineController.java
C:\Users\xesi\IdeaProjects\xen-kuryentxt\src\main\java\com\xenenergy\projects\services\impl\BillAddOnChargeServiceImpl.java
C:\Users\xesi\IdeaProjects\xen-kuryentxt\src\main\java\com\xenenergy\projects\entities\BillChargeGroup.java
C:\Users\xesi\IdeaProjects\xen-kuryentxt\src\main\java\com\xenenergy\projects\dao\dependence\ReadersDao.java
C:\Users\xesi\IdeaProjects\xen-kuryentxt\src\main\java\com\xenenergy\projects\services\impl\DuAreaServiceImpl.java
C:\Users\xesi\IdeaProjects\xen-kuryentxt\src\main\java\com\xenenergy\projects\dao\BillChargeDetailDao.java
C:\Users\xesi\IdeaProjects\xen-kuryentxt\src\main\java\com\xenenergy\projects\controllers\LocalityController.java
C:\Users\xesi\IdeaProjects\xen-kuryentxt\src\main\java\com\xenenergy\projects\dao\ChargeTypeDao.java
C:\Users\xesi\IdeaProjects\xen-kuryentxt\src\main\java\com\xenenergy\projects\services\interfaces\CRUDService.java
C:\Users\xesi\IdeaProjects\xen-kuryentxt\src\main\java\com\xenenergy\projects\dao\LifeLineDao.java
C:\Users\xesi\IdeaProjects\xen-kuryentxt\src\main\java\com\xenenergy\projects\dao\PerKwChargeMasterDao.java
C:\Users\xesi\IdeaProjects\xen-kuryentxt\src\main\java\com\xenenergy\projects\controllers\RouteDefinitionController.java
C:\Users\xesi\IdeaProjects\xen-kuryentxt\src\main\java\com\xenenergy\projects\services\interfaces\PerKwChargeTemplateService.java
C:\Users\xesi\IdeaProjects\xen-kuryentxt\src\main\java\com\xenenergy\projects\entities\RateMaster.java
C:\Users\xesi\IdeaProjects\xen-kuryentxt\src\main\java\com\xenenergy\projects\dao\CutoffMasterDao.java
C:\Users\xesi\IdeaProjects\xen-kuryentxt\src\main\java\com\xenenergy\projects\services\interfaces\ActivationCodeService.java
C:\Users\xesi\IdeaProjects\xen-kuryentxt\src\main\java\com\xenenergy\projects\services\interfaces\MeterReaderService.java
C:\Users\xesi\IdeaProjects\xen-kuryentxt\src\main\java\com\xenenergy\projects\controllers\FixedChargeTemplateController.java
C:\Users\xesi\IdeaProjects\xen-kuryentxt\src\main\java\com\xenenergy\projects\services\interfaces\CorelossService.java
C:\Users\xesi\IdeaProjects\xen-kuryentxt\src\main\java\com\xenenergy\projects\services\impl\RemarksServiceImpl.java
C:\Users\xesi\IdeaProjects\xen-kuryentxt\src\main\java\com\xenenergy\projects\controllers\ActivationCodeController.java
C:\Users\xesi\IdeaProjects\xen-kuryentxt\src\main\java\com\xenenergy\projects\controllers\SettingsController.java
C:\Users\xesi\IdeaProjects\xen-kuryentxt\src\main\java\com\xenenergy\projects\dao\PropertyDao.java
C:\Users\xesi\IdeaProjects\xen-kuryentxt\src\main\java\com\xenenergy\projects\services\impl\CutoffMasterServiceImpl.java
C:\Users\xesi\IdeaProjects\xen-kuryentxt\src\main\java\com\xenenergy\projects\controllers\DeviceDetailUploadDetailController.java
C:\Users\xesi\IdeaProjects\xen-kuryentxt\src\main\java\com\xenenergy\projects\dao\AreaDao.java
C:\Users\xesi\IdeaProjects\xen-kuryentxt\src\main\java\com\xenenergy\projects\services\impl\BillChargeDetailServiceImpl.java
C:\Users\xesi\IdeaProjects\xen-kuryentxt\src\main\java\com\xenenergy\projects\services\impl\PropertyServiceImpl.java
C:\Users\xesi\IdeaProjects\xen-kuryentxt\src\main\java\com\xenenergy\projects\services\interfaces\BillChargeDetailService.java
C:\Users\xesi\IdeaProjects\xen-kuryentxt\src\main\java\com\xenenergy\projects\controllers\RemarksController.java
C:\Users\xesi\IdeaProjects\xen-kuryentxt\src\main\java\com\xenenergy\projects\entities\RdmDetail.java
C:\Users\xesi\IdeaProjects\xen-kuryentxt\src\main\java\com\xenenergy\projects\dao\FixedChargeTemplateDao.java
C:\Users\xesi\IdeaProjects\xen-kuryentxt\src\main\java\com\xenenergy\projects\services\impl\AddOnChargeServiceImpl.java
C:\Users\xesi\IdeaProjects\xen-kuryentxt\src\main\java\com\xenenergy\projects\controllers\RateMasterController.java
C:\Users\xesi\IdeaProjects\xen-kuryentxt\src\main\java\com\xenenergy\projects\services\impl\RoutesServiceImpl.java
C:\Users\xesi\IdeaProjects\xen-kuryentxt\src\main\java\com\xenenergy\projects\dao\AddOnKwhDao.java
C:\Users\xesi\IdeaProjects\xen-kuryentxt\src\main\java\com\xenenergy\projects\controllers\AboutController.java
C:\Users\xesi\IdeaProjects\xen-kuryentxt\src\main\java\com\xenenergy\projects\controllers\restapi\ErrorHandlerController.java
C:\Users\xesi\IdeaProjects\xen-kuryentxt\src\main\java\com\xenenergy\projects\services\interfaces\PerKwChargeDetailsService.java
C:\Users\xesi\IdeaProjects\xen-kuryentxt\src\main\java\com\xenenergy\projects\entities\BillingStatementModel.java
C:\Users\xesi\IdeaProjects\xen-kuryentxt\src\main\java\com\xenenergy\projects\services\interfaces\RemarksService.java
C:\Users\xesi\IdeaProjects\xen-kuryentxt\src\main\java\com\xenenergy\projects\services\interfaces\BillChargeGroupService.java
C:\Users\xesi\IdeaProjects\xen-kuryentxt\src\main\java\com\xenenergy\projects\entities\MeterReader.java
C:\Users\xesi\IdeaProjects\xen-kuryentxt\src\main\java\com\xenenergy\projects\controllers\FixedChargeDetailController.java
C:\Users\xesi\IdeaProjects\xen-kuryentxt\src\main\java\com\xenenergy\projects\dao\RouteDefinitionDao.java
C:\Users\xesi\IdeaProjects\xen-kuryentxt\src\main\java\com\xenenergy\projects\entities\PerKwChargeMaster.java
C:\Users\xesi\IdeaProjects\xen-kuryentxt\src\main\java\com\xenenergy\projects\KuryentxtWebsiteApplication.java
C:\Users\xesi\IdeaProjects\xen-kuryentxt\src\main\java\com\xenenergy\projects\services\interfaces\AddOnKwhService.java
C:\Users\xesi\IdeaProjects\xen-kuryentxt\src\main\java\com\xenenergy\projects\entities\Remarks.java
C:\Users\xesi\IdeaProjects\xen-kuryentxt\src\main\java\com\xenenergy\projects\entities\DeviceUploadDetail.java
C:\Users\xesi\IdeaProjects\xen-kuryentxt\src\main\java\com\xenenergy\projects\services\impl\ActivationCodeServiceImpl.java
C:\Users\xesi\IdeaProjects\xen-kuryentxt\src\main\java\com\xenenergy\projects\controllers\PerKwChargeMasterController.java
C:\Users\xesi\IdeaProjects\xen-kuryentxt\src\main\java\com\xenenergy\projects\entities\PropertyWrapper.java
C:\Users\xesi\IdeaProjects\xen-kuryentxt\src\main\java\com\xenenergy\projects\services\interfaces\FixedChargeMasterService.java
C:\Users\xesi\IdeaProjects\xen-kuryentxt\src\main\java\com\xenenergy\projects\services\interfaces\RoutesService.java
C:\Users\xesi\IdeaProjects\xen-kuryentxt\src\main\java\com\xenenergy\projects\services\impl\AccountServiceImpl.java
C:\Users\xesi\IdeaProjects\xen-kuryentxt\src\main\java\com\xenenergy\projects\entities\ErrorJson.java
C:\Users\xesi\IdeaProjects\xen-kuryentxt\src\main\java\com\xenenergy\projects\services\ReadersService.java
C:\Users\xesi\IdeaProjects\xen-kuryentxt\src\main\java\com\xenenergy\projects\services\interfaces\LifelineService.java
C:\Users\xesi\IdeaProjects\xen-kuryentxt\src\main\java\com\xenenergy\projects\controllers\RdmDetailController.java
C:\Users\xesi\IdeaProjects\xen-kuryentxt\src\main\java\com\xenenergy\projects\services\interfaces\RateMasterService.java
C:\Users\xesi\IdeaProjects\xen-kuryentxt\src\main\java\com\xenenergy\projects\dao\CorelossDao.java
C:\Users\xesi\IdeaProjects\xen-kuryentxt\src\main\java\com\xenenergy\projects\dao\FixedChargeMasterDao.java
C:\Users\xesi\IdeaProjects\xen-kuryentxt\src\main\java\com\xenenergy\projects\dao\PerKwChargeDetailDao.java
C:\Users\xesi\IdeaProjects\xen-kuryentxt\src\main\java\com\xenenergy\projects\entities\ChargeGroupDetails.java
C:\Users\xesi\IdeaProjects\xen-kuryentxt\src\main\java\com\xenenergy\projects\services\interfaces\LocalityService.java
C:\Users\xesi\IdeaProjects\xen-kuryentxt\src\main\java\com\xenenergy\projects\controllers\restapi\DuAreaRestController.java
C:\Users\xesi\IdeaProjects\xen-kuryentxt\src\main\java\com\xenenergy\projects\dao\AccountDao.java
C:\Users\xesi\IdeaProjects\xen-kuryentxt\src\main\java\com\xenenergy\projects\controllers\restapi\BillsRestController.java
C:\Users\xesi\IdeaProjects\xen-kuryentxt\src\main\java\com\xenenergy\projects\entities\Coreloss.java
C:\Users\xesi\IdeaProjects\xen-kuryentxt\src\main\java\com\xenenergy\projects\services\interfaces\FixedChargeTemplateService.java
C:\Users\xesi\IdeaProjects\xen-kuryentxt\src\main\java\com\xenenergy\projects\services\RouteService.java
C:\Users\xesi\IdeaProjects\xen-kuryentxt\src\main\java\com\xenenergy\projects\entities\FixedChargeMaster.java
C:\Users\xesi\IdeaProjects\xen-kuryentxt\src\main\java\com\xenenergy\projects\services\impl\FixedChargeTemplateServiceImpl.java
C:\Users\xesi\IdeaProjects\xen-kuryentxt\src\main\java\com\xenenergy\projects\dao\AddOnChargeDao.java
C:\Users\xesi\IdeaProjects\xen-kuryentxt\src\main\java\com\xenenergy\projects\entities\AddOnCharge.java
C:\Users\xesi\IdeaProjects\xen-kuryentxt\src\main\java\com\xenenergy\projects\controllers\HomeController.java
C:\Users\xesi\IdeaProjects\xen-kuryentxt\src\main\java\com\xenenergy\projects\services\interfaces\RouteDefinitionService.java
C:\Users\xesi\IdeaProjects\xen-kuryentxt\src\main\java\com\xenenergy\projects\services\interfaces\DuAreaService.java
C:\Users\xesi\IdeaProjects\xen-kuryentxt\src\main\java\com\xenenergy\projects\services\interfaces\DeviceUploadMasterService.java
C:\Users\xesi\IdeaProjects\xen-kuryentxt\src\main\java\com\xenenergy\projects\controllers\PropertyController.java
C:\Users\xesi\IdeaProjects\xen-kuryentxt\src\main\java\com\xenenergy\projects\services\impl\SeniorCitizenServiceImpl.java
C:\Users\xesi\IdeaProjects\xen-kuryentxt\src\main\java\com\xenenergy\projects\entities\AddOnKwh.java
C:\Users\xesi\IdeaProjects\xen-kuryentxt\src\main\java\com\xenenergy\projects\services\interfaces\AccountService.java
C:\Users\xesi\IdeaProjects\xen-kuryentxt\src\main\java\com\xenenergy\projects\services\impl\LocalityServiceImpl.java
C:\Users\xesi\IdeaProjects\xen-kuryentxt\src\main\java\com\xenenergy\projects\services\impl\MeterReaderServiceImpl.java
C:\Users\xesi\IdeaProjects\xen-kuryentxt\src\main\java\com\xenenergy\projects\services\interfaces\RdmDetailService.java
C:\Users\xesi\IdeaProjects\xen-kuryentxt\src\main\java\com\xenenergy\projects\entities\PerKwChargeTemplate.java
C:\Users\xesi\IdeaProjects\xen-kuryentxt\src\main\java\com\xenenergy\projects\services\impl\ChargeTypeServiceImpl.java
C:\Users\xesi\IdeaProjects\xen-kuryentxt\src\main\java\com\xenenergy\projects\entities\Pager.java
C:\Users\xesi\IdeaProjects\xen-kuryentxt\src\main\java\com\xenenergy\projects\dao\RateMasterDao.java
C:\Users\xesi\IdeaProjects\xen-kuryentxt\src\main\java\com\xenenergy\projects\services\impl\LifeLineServiceImpl.java
C:\Users\xesi\IdeaProjects\xen-kuryentxt\src\main\java\com\xenenergy\projects\services\interfaces\FixedChargeDetailService.java
C:\Users\xesi\IdeaProjects\xen-kuryentxt\src\main\java\com\xenenergy\projects\services\impl\PerKwChargeMasterServiceImpl.java
C:\Users\xesi\IdeaProjects\xen-kuryentxt\src\main\java\com\xenenergy\projects\entities\Property.java
C:\Users\xesi\IdeaProjects\xen-kuryentxt\src\main\java\com\xenenergy\projects\services\impl\PerKwChargeDetailServiceImpl.java
C:\Users\xesi\IdeaProjects\xen-kuryentxt\src\main\java\com\xenenergy\projects\services\interfaces\CutoffMasterService.java
C:\Users\xesi\IdeaProjects\xen-kuryentxt\src\main\java\com\xenenergy\projects\controllers\BillsController.java
C:\Users\xesi\IdeaProjects\xen-kuryentxt\src\main\java\com\xenenergy\projects\dao\DeviceUploadDetailDao.java
C:\Users\xesi\IdeaProjects\xen-kuryentxt\src\main\java\com\xenenergy\projects\entities\Route.java
C:\Users\xesi\IdeaProjects\xen-kuryentxt\src\main\java\com\xenenergy\projects\services\impl\RouteDefinitionServiceImpl.java
C:\Users\xesi\IdeaProjects\xen-kuryentxt\src\main\java\com\xenenergy\projects\entities\CutoffMaster.java
C:\Users\xesi\IdeaProjects\xen-kuryentxt\src\main\java\com\xenenergy\projects\controllers\CutoffMasterController.java
C:\Users\xesi\IdeaProjects\xen-kuryentxt\src\main\java\com\xenenergy\projects\controllers\PerKwChargeTemplateController.java
C:\Users\xesi\IdeaProjects\xen-kuryentxt\src\main\java\com\xenenergy\projects\controllers\AddOnChargeController.java
C:\Users\xesi\IdeaProjects\xen-kuryentxt\src\main\java\com\xenenergy\projects\services\interfaces\PerKwChargeMasterService.java
C:\Users\xesi\IdeaProjects\xen-kuryentxt\src\main\java\com\xenenergy\projects\controllers\restapi\CorelossRestController.java
C:\Users\xesi\IdeaProjects\xen-kuryentxt\src\main\java\com\xenenergy\projects\services\RdmService.java
C:\Users\xesi\IdeaProjects\xen-kuryentxt\src\main\java\com\xenenergy\projects\entities\ActivationCode.java
C:\Users\xesi\IdeaProjects\xen-kuryentxt\src\main\java\com\xenenergy\projects\controllers\DeviceUploadMasterController.java
C:\Users\xesi\IdeaProjects\xen-kuryentxt\src\main\java\com\xenenergy\projects\services\impl\FixedChargeMasterServiceImpl.java
C:\Users\xesi\IdeaProjects\xen-kuryentxt\src\main\java\com\xenenergy\projects\controllers\DbEventMonitorController.java
C:\Users\xesi\IdeaProjects\xen-kuryentxt\src\main\java\com\xenenergy\projects\controllers\AddOnKwhController.java
C:\Users\xesi\IdeaProjects\xen-kuryentxt\src\main\java\com\xenenergy\projects\controllers\SeniorCitizenController.java
C:\Users\xesi\IdeaProjects\xen-kuryentxt\src\main\java\com\xenenergy\projects\entities\BillReportModel.java
C:\Users\xesi\IdeaProjects\xen-kuryentxt\src\main\java\com\xenenergy\projects\entities\PerKwChargeDetail.java
C:\Users\xesi\IdeaProjects\xen-kuryentxt\src\main\java\com\xenenergy\projects\services\impl\RdmDetailServiceImpl.java
C:\Users\xesi\IdeaProjects\xen-kuryentxt\src\main\java\com\xenenergy\projects\dao\dependence\RouteDao.java
C:\Users\xesi\IdeaProjects\xen-kuryentxt\src\main\java\com\xenenergy\projects\services\interfaces\BillAddOnChargeService.java
C:\Users\xesi\IdeaProjects\xen-kuryentxt\src\main\java\com\xenenergy\projects\dao\PerKwChargeTemplateDao.java
C:\Users\xesi\IdeaProjects\xen-kuryentxt\src\main\java\com\xenenergy\projects\services\interfaces\BillsService.java
C:\Users\xesi\IdeaProjects\xen-kuryentxt\src\main\java\com\xenenergy\projects\entities\BillAddOnCharge.java
C:\Users\xesi\IdeaProjects\xen-kuryentxt\src\main\java\com\xenenergy\projects\entities\LifeLine.java
C:\Users\xesi\IdeaProjects\xen-kuryentxt\src\main\java\com\xenenergy\projects\services\impl\FixedChargeDetailServiceImpl.java
C:\Users\xesi\IdeaProjects\xen-kuryentxt\src\main\java\com\xenenergy\projects\entities\Rdm.java
C:\Users\xesi\IdeaProjects\xen-kuryentxt\src\main\java\com\xenenergy\projects\dao\BillsDao.java
C:\Users\xesi\IdeaProjects\xen-kuryentxt\src\main\java\com\xenenergy\projects\dao\MeterReaderDao.java
C:\Users\xesi\IdeaProjects\xen-kuryentxt\src\main\java\com\xenenergy\projects\entities\FixedChargeTemplate.java
C:\Users\xesi\IdeaProjects\xen-kuryentxt\src\main\java\com\xenenergy\projects\dao\DbEventMonitorDao.java
C:\Users\xesi\IdeaProjects\xen-kuryentxt\src\main\java\com\xenenergy\projects\controllers\ViewAccountsController.java
C:\Users\xesi\IdeaProjects\xen-kuryentxt\src\main\java\com\xenenergy\projects\controllers\FixedChargeMasterController.java
C:\Users\xesi\IdeaProjects\xen-kuryentxt\src\main\java\com\xenenergy\projects\services\impl\BillChargeGroupServiceImpl.java
C:\Users\xesi\IdeaProjects\xen-kuryentxt\src\main\java\com\xenenergy\projects\entities\ChargeType.java
C:\Users\xesi\IdeaProjects\xen-kuryentxt\src\main\java\com\xenenergy\projects\entities\FixedChargeDetail.java
C:\Users\xesi\IdeaProjects\xen-kuryentxt\src\main\java\com\xenenergy\projects\controllers\ChargeTypeController.java
C:\Users\xesi\IdeaProjects\xen-kuryentxt\src\main\java\com\xenenergy\projects\dao\dependence\RdmDao.java
C:\Users\xesi\IdeaProjects\xen-kuryentxt\src\main\java\com\xenenergy\projects\entities\DuArea.java
C:\Users\xesi\IdeaProjects\xen-kuryentxt\src\main\java\com\xenenergy\projects\controllers\AccountController.java
C:\Users\xesi\IdeaProjects\xen-kuryentxt\src\main\java\com\xenenergy\projects\controllers\RoutesController.java
C:\Users\xesi\IdeaProjects\xen-kuryentxt\src\main\java\com\xenenergy\projects\services\impl\DeviceUploadMasterServiceImpl.java
C:\Users\xesi\IdeaProjects\xen-kuryentxt\src\main\java\com\xenenergy\projects\services\interfaces\DbEventMonitorService.java
C:\Users\xesi\IdeaProjects\xen-kuryentxt\src\main\java\com\xenenergy\projects\controllers\restapi\AccountsRestController.java
C:\Users\xesi\IdeaProjects\xen-kuryentxt\src\main\java\com\xenenergy\projects\services\interfaces\AddOnChargeService.java
C:\Users\xesi\IdeaProjects\xen-kuryentxt\src\main\java\com\xenenergy\projects\controllers\MeterReadersController.java
C:\Users\xesi\IdeaProjects\xen-kuryentxt\src\main\java\com\xenenergy\projects\services\interfaces\DeviceUploadDetailService.java
C:\Users\xesi\IdeaProjects\xen-kuryentxt\src\main\java\com\xenenergy\projects\services\impl\DeviceUploadDetailServiceImpl.java
C:\Users\xesi\IdeaProjects\xen-kuryentxt\src\main\java\com\xenenergy\projects\entities\BillChargeDetail.java
C:\Users\xesi\IdeaProjects\xen-kuryentxt\src\main\java\com\xenenergy\projects\services\impl\DbEventMonitorServiceImpl.java
C:\Users\xesi\IdeaProjects\xen-kuryentxt\src\main\java\com\xenenergy\projects\controllers\restapi\RouteRestController.java
C:\Users\xesi\IdeaProjects\xen-kuryentxt\src\main\java\com\xenenergy\projects\dao\RdmDetailDao.java
C:\Users\xesi\IdeaProjects\xen-kuryentxt\src\main\java\com\xenenergy\projects\entities\Bills.java
C:\Users\xesi\IdeaProjects\xen-kuryentxt\src\main\java\com\xenenergy\projects\dao\FixedChargeDetailDao.java
C:\Users\xesi\IdeaProjects\xen-kuryentxt\src\main\java\com\xenenergy\projects\dao\LocalityDao.java
C:\Users\xesi\IdeaProjects\xen-kuryentxt\src\main\java\com\xenenergy\projects\controllers\DuAreaController.java
C:\Users\xesi\IdeaProjects\xen-kuryentxt\src\main\java\com\xenenergy\projects\entities\DbEventMonitor.java
C:\Users\xesi\IdeaProjects\xen-kuryentxt\src\main\java\com\xenenergy\projects\controllers\CorelossController.java
C:\Users\xesi\IdeaProjects\xen-kuryentxt\src\main\java\com\xenenergy\projects\dao\DeviceUploadMasterDao.java
C:\Users\xesi\IdeaProjects\xen-kuryentxt\src\main\java\com\xenenergy\projects\services\interfaces\PropertyService.java
C:\Users\xesi\IdeaProjects\xen-kuryentxt\src\main\java\com\xenenergy\projects\dao\BillChargeGroupDao.java
C:\Users\xesi\IdeaProjects\xen-kuryentxt\src\main\java\com\xenenergy\projects\services\interfaces\ChargeTypeService.java
C:\Users\xesi\IdeaProjects\xen-kuryentxt\src\main\java\com\xenenergy\projects\entities\Locality.java
C:\Users\xesi\IdeaProjects\xen-kuryentxt\src\main\java\com\xenenergy\projects\entities\SeniorCitizen.java
C:\Users\xesi\IdeaProjects\xen-kuryentxt\src\main\java\com\xenenergy\projects\services\impl\PerKwChargeTemplateServiceImpl.java
C:\Users\xesi\IdeaProjects\xen-kuryentxt\src\main\java\com\xenenergy\projects\dao\BillAddOnChargeDao.java
C:\Users\xesi\IdeaProjects\xen-kuryentxt\src\main\java\com\xenenergy\projects\entities\PaginationProperty.java
C:\Users\xesi\IdeaProjects\xen-kuryentxt\src\main\java\com\xenenergy\projects\services\impl\AddOnKwhServiceImpl.java
C:\Users\xesi\IdeaProjects\xen-kuryentxt\src\main\java\com\xenenergy\projects\services\impl\CorelossServiceImpl.java
C:\Users\xesi\IdeaProjects\xen-kuryentxt\src\main\java\com\xenenergy\projects\entities\DeviceUploadMaster.java
C:\Users\xesi\IdeaProjects\xen-kuryentxt\src\main\java\com\xenenergy\projects\controllers\PerKwChargeDetailController.java
C:\Users\xesi\IdeaProjects\xen-kuryentxt\src\main\java\com\xenenergy\projects\dao\RoutesDao.java
C:\Users\xesi\IdeaProjects\xen-kuryentxt\src\main\java\com\xenenergy\projects\dao\RemarksDao.java
C:\Users\xesi\IdeaProjects\xen-kuryentxt\src\main\java\com\xenenergy\projects\entities\Account.java
C:\Users\xesi\IdeaProjects\xen-kuryentxt\src\main\java\com\xenenergy\projects\services\impl\RateMasterServiceImpl.java
C:\Users\xesi\IdeaProjects\xen-kuryentxt\src\main\java\com\xenenergy\projects\controllers\BillingStatementController.java
C:\Users\xesi\IdeaProjects\xen-kuryentxt\src\main\java\com\xenenergy\projects\dao\ActivationCodeDao.java
C:\Users\xesi\IdeaProjects\xen-kuryentxt\src\main\java\com\xenenergy\projects\services\impl\BillsServiceImpl.java
